 sheet_number             sheet_name
            1               setosa_1
            2    setosa-versicolor_1
            3           versicolor_1
            4 versicolor-virginica_1
            5            virginica_1
            6            virginica_2
